
yeoun@DESKTOP-8E0I2NV MINGW64 ~ (master)
$ cd D:/yonsei/codingTest

yeoun@DESKTOP-8E0I2NV MINGW64 /d/yonsei/codingTest (master|MERGING)
$ git init
Reinitialized existing Git repository in D:/yonsei/codingTest/.git/

yeoun@DESKTOP-8E0I2NV MINGW64 /d/yonsei/codingTest (master|MERGING)
$ git add baekJoon
warning: LF will be replaced by CRLF in baekJoon/baekJoon_step1to5.ipynb.
The file will have its original line endings in your working directory
warning: LF will be replaced by CRLF in baekJoon/baekJoon_step6.ipynb.
The file will have its original line endings in your working directory
warning: LF will be replaced by CRLF in baekJoon/baekJoon_step8.ipynb.
The file will have its original line endings in your working directory
warning: LF will be replaced by CRLF in baekJoon/baekJoon_step9.ipynb.
The file will have its original line endings in your working directory

yeoun@DESKTOP-8E0I2NV MINGW64 /d/yonsei/codingTest (master|MERGING)
$ git add baekJoon/.

yeoun@DESKTOP-8E0I2NV MINGW64 /d/yonsei/codingTest (master|MERGING)
$ git commit -m 'baekJoon'
error: Committing is not possible because you have unmerged files.
hint: Fix them up in the work tree, and then use 'git add/rm <file>'
hint: as appropriate to mark resolution and make a commit.
fatal: Exiting because of an unresolved conflict.
U       baekJoon_step7.ipynb

yeoun@DESKTOP-8E0I2NV MINGW64 /d/yonsei/codingTest (master|MERGING)
$ git pull baekJoon_step7.ipynb
error: Pulling is not possible because you have unmerged files.
hint: Fix them up in the work tree, and then use 'git add/rm <file>'
hint: as appropriate to mark resolution and make a commit.
fatal: Exiting because of an unresolved conflict.

yeoun@DESKTOP-8E0I2NV MINGW64 /d/yonsei/codingTest (master|MERGING)
$ git pull baekJoon_step7.ipynb
error: Pulling is not possible because you have unmerged files.
hint: Fix them up in the work tree, and then use 'git add/rm <file>'
hint: as appropriate to mark resolution and make a commit.
fatal: Exiting because of an unresolved conflict.

yeoun@DESKTOP-8E0I2NV MINGW64 /d/yonsei/codingTest (master|MERGING)
$ git init
Reinitialized existing Git repository in D:/yonsei/codingTest/.git/

yeoun@DESKTOP-8E0I2NV MINGW64 /d/yonsei/codingTest (master|MERGING)
$ git push origin master
To https://github.com/syKim12/algorithm-study.git
 ! [rejected]        master -> master (fetch first)
error: failed to push some refs to 'https://github.com/syKim12/algorithm-study.git'
hint: Updates were rejected because the remote contains work that you do
hint: not have locally. This is usually caused by another repository pushing
hint: to the same ref. You may want to first integrate the remote changes
hint: (e.g., 'git pull ...') before pushing again.
hint: See the 'Note about fast-forwards' in 'git push --help' for details.

yeoun@DESKTOP-8E0I2NV MINGW64 /d/yonsei/codingTest (master|MERGING)
$ git pull origin master --allow-unrelated-histories
error: Pulling is not possible because you have unmerged files.
hint: Fix them up in the work tree, and then use 'git add/rm <file>'
hint: as appropriate to mark resolution and make a commit.
fatal: Exiting because of an unresolved conflict.

yeoun@DESKTOP-8E0I2NV MINGW64 /d/yonsei/codingTest (master|MERGING)
$ git add/rm baekJoon_step7.ipynb
git: 'add/rm' is not a git command. See 'git --help'.

yeoun@DESKTOP-8E0I2NV MINGW64 /d/yonsei/codingTest (master|MERGING)
$ git add baekJoon_step7.ipynb

yeoun@DESKTOP-8E0I2NV MINGW64 /d/yonsei/codingTest (master|MERGING)
$ git commit -m 'fixed file'
[master c4f2321] fixed file

yeoun@DESKTOP-8E0I2NV MINGW64 /d/yonsei/codingTest (master)
$ git push origin master
To https://github.com/syKim12/algorithm-study.git
 ! [rejected]        master -> master (fetch first)
error: failed to push some refs to 'https://github.com/syKim12/algorithm-study.git'
hint: Updates were rejected because the remote contains work that you do
hint: not have locally. This is usually caused by another repository pushing
hint: to the same ref. You may want to first integrate the remote changes
hint: (e.g., 'git pull ...') before pushing again.
hint: See the 'Note about fast-forwards' in 'git push --help' for details.

yeoun@DESKTOP-8E0I2NV MINGW64 /d/yonsei/codingTest (master)
$ git remote rm origin

yeoun@DESKTOP-8E0I2NV MINGW64 /d/yonsei/codingTest (master)
$ git remote add origin https://github.com/syKim12/algorithm-study.git

yeoun@DESKTOP-8E0I2NV MINGW64 /d/yonsei/codingTest (master)
$ git add baekJoon
warning: LF will be replaced by CRLF in baekJoon/baekJoon_step7.ipynb.
The file will have its original line endings in your working directory
warning: LF will be replaced by CRLF in baekJoon/.ipynb_checkpoints/baekJoon_step7-checkpoint.ipynb.
The file will have its original line endings in your working directory

yeoun@DESKTOP-8E0I2NV MINGW64 /d/yonsei/codingTest (master)
$ git add baekJoon

yeoun@DESKTOP-8E0I2NV MINGW64 /d/yonsei/codingTest (master)
$ git add baekJoon/.

yeoun@DESKTOP-8E0I2NV MINGW64 /d/yonsei/codingTest (master)
$ git commit -m 'baekJoon folder upload'
[master bc912d5] baekJoon folder upload
 2 files changed, 112 insertions(+), 11 deletions(-)
 create mode 100644 baekJoon/.ipynb_checkpoints/baekJoon_step7-checkpoint.ipynb

yeoun@DESKTOP-8E0I2NV MINGW64 /d/yonsei/codingTest (master)
$ git push origin master
To https://github.com/syKim12/algorithm-study.git
 ! [rejected]        master -> master (fetch first)
error: failed to push some refs to 'https://github.com/syKim12/algorithm-study.git'
hint: Updates were rejected because the remote contains work that you do
hint: not have locally. This is usually caused by another repository pushing
hint: to the same ref. You may want to first integrate the remote changes
hint: (e.g., 'git pull ...') before pushing again.
hint: See the 'Note about fast-forwards' in 'git push --help' for details.

yeoun@DESKTOP-8E0I2NV MINGW64 /d/yonsei/codingTest (master)
$ git pull origin master--allow-unrelated-histories
fatal: couldn't find remote ref master--allow-unrelated-histories

yeoun@DESKTOP-8E0I2NV MINGW64 /d/yonsei/codingTest (master)
$ git pull origin master --allow-unrelated-histories
remote: Enumerating objects: 6, done.
remote: Counting objects: 100% (6/6), done.
remote: Compressing objects: 100% (5/5), done.
remote: Total 5 (delta 2), reused 0 (delta 0), pack-reused 0
Unpacking objects: 100% (5/5), 1.67 KiB | 42.00 KiB/s, done.
From https://github.com/syKim12/algorithm-study
 * branch            master     -> FETCH_HEAD
 * [new branch]      master     -> origin/master
CONFLICT (rename/delete): baekJoon_step7.ipynb renamed to .ipynb_checkpoints/baekJoon_step7-checkpoint.ipynb in HEAD, but deleted in 54085f8dc60ecb8b232661ca1ae10c8357346b6b.
Automatic merge failed; fix conflicts and then commit the result.

yeoun@DESKTOP-8E0I2NV MINGW64 /d/yonsei/codingTest (master|MERGING)
$ git pull origin amster --allow-unrealted-histories
error: unknown option `allow-unrealted-histories'
usage: git pull [<options>] [<repository> [<refspec>...]]

    -v, --verbose         be more verbose
    -q, --quiet           be more quiet
    --progress            force progress reporting
    --recurse-submodules[=<on-demand>]
                          control for recursive fetching of submodules

Options related to merging
    -r, --rebase[=(false|true|merges|interactive)]
                          incorporate changes by rebasing rather than merging
    -n                    do not show a diffstat at the end of the merge
    --stat                show a diffstat at the end of the merge
    --log[=<n>]           add (at most <n>) entries from shortlog to merge commit message
    --signoff[=...]       add a Signed-off-by trailer
    --squash              create a single commit instead of doing a merge
    --commit              perform a commit if the merge succeeds (default)
    --edit                edit message before committing
    --cleanup <mode>      how to strip spaces and #comments from message
    --ff                  allow fast-forward
    --ff-only             abort if fast-forward is not possible
    --verify              control use of pre-merge-commit and commit-msg hooks
    --verify-signatures   verify that the named commit has a valid GPG signature
    --autostash           automatically stash/stash pop before and after
    -s, --strategy <strategy>
                          merge strategy to use
    -X, --strategy-option <option=value>
                          option for selected merge strategy
    -S, --gpg-sign[=<key-id>]
                          GPG sign commit
    --allow-unrelated-histories
                          allow merging unrelated histories

Options related to fetching
    --all                 fetch from all remotes
    -a, --append          append to .git/FETCH_HEAD instead of overwriting
    --upload-pack <path>  path to upload pack on remote end
    -f, --force           force overwrite of local branch
    -t, --tags            fetch all tags and associated objects
    -p, --prune           prune remote-tracking branches no longer on remote
    -j, --jobs[=<n>]      number of submodules pulled in parallel
    --dry-run             dry run
    -k, --keep            keep downloaded pack
    --depth <depth>       deepen history of shallow clone
    --shallow-since <time>
                          deepen history of shallow repository based on time
    --shallow-exclude <revision>
                          deepen history of shallow clone, excluding rev
    --deepen <n>          deepen history of shallow clone
    --unshallow           convert to a complete repository
    --update-shallow      accept refs that update .git/shallow
    --refmap <refmap>     specify fetch refmap
    -o, --server-option <server-specific>
                          option to transmit
    -4, --ipv4            use IPv4 addresses only
    -6, --ipv6            use IPv6 addresses only
    --negotiation-tip <revision>
                          report that we have only objects reachable from this object
    --show-forced-updates
                          check for forced-updates on all updated branches
    --set-upstream        set upstream for git pull/fetch


yeoun@DESKTOP-8E0I2NV MINGW64 /d/yonsei/codingTest (master|MERGING)
$ git pull origin master --allow-unrelated-histories
error: Pulling is not possible because you have unmerged files.
hint: Fix them up in the work tree, and then use 'git add/rm <file>'
hint: as appropriate to mark resolution and make a commit.
fatal: Exiting because of an unresolved conflict.

yeoun@DESKTOP-8E0I2NV MINGW64 /d/yonsei/codingTest (master|MERGING)
$ git add baekJoon
warning: LF will be replaced by CRLF in baekJoon/step1to5.ipynb.
The file will have its original line endings in your working directory
warning: LF will be replaced by CRLF in baekJoon/step6.ipynb.
The file will have its original line endings in your working directory
warning: LF will be replaced by CRLF in baekJoon/step7.ipynb.
The file will have its original line endings in your working directory
warning: LF will be replaced by CRLF in baekJoon/step8.ipynb.
The file will have its original line endings in your working directory
warning: LF will be replaced by CRLF in baekJoon/step9.ipynb.
The file will have its original line endings in your working directory

yeoun@DESKTOP-8E0I2NV MINGW64 /d/yonsei/codingTest (master|MERGING)
$ ^C

yeoun@DESKTOP-8E0I2NV MINGW64 /d/yonsei/codingTest (master|MERGING)
$
